
> globus-engineering-crm-frontend@0.1.0 build
> next build

Γû▓ Next.js 16.1.6 (Turbopack)
- Environments: .env.local

node.exe : ΓÜá The "middleware" file convention is deprecated. Please use "proxy" instead. Learn more: 
https://nextjs.org/docs/messages/middleware-to-proxy
At line:1 char:1
+ & "C:\Program Files\nodejs/node.exe" "C:\Program Files\nodejs/node_mo ...
+ ~~~~~~~~~~~~~~~~~~~~~~~~~~~~~~~~~~~~~~~~~~~~~~~~~~~~~~~~~~~~~~~~~~~~~
    + CategoryInfo          : NotSpecified: (ΓÜá The "middle...leware-to-proxy:String) [], RemoteException
    + FullyQualifiedErrorId : NativeCommandError
 
  Creating an optimized production build ...
Γ£ô Compiled successfully in 20.5s
  Running TypeScript ...
  Collecting page data using 3 workers ...
  Generating static pages using 3 workers (0/54) ...
  Generating static pages using 3 workers (13/54) 
  Generating static pages using 3 workers (26/54) 
  Generating static pages using 3 workers (40/54) 
Γ£ô Generating static pages using 3 workers (54/54) in 3.0s
  Finalizing page optimization ...

Route (app)
Γöî Γùï /
Γö£ Γùï /_not-found
Γö£ Γùï /admin/companies
Γö£ ╞Æ /admin/companies/[id]/edit
Γö£ Γùï /admin/companies/new
Γö£ ╞Æ /api/email-reminder-service
Γö£ ╞Æ /api/invoices/[id]/reminder-status
Γö£ Γùï /challan
Γö£ ╞Æ /challan/[id]/edit
Γö£ Γùï /challan/new
Γö£ Γùï /customers
Γö£ ╞Æ /customers/[id]
Γö£ ╞Æ /customers/[id]/edit
Γö£ Γùï /customers/new
Γö£ Γùï /dashboard
Γö£ Γùï /employees
Γö£ ╞Æ /employees/[id]/edit
Γö£ Γùï /employees/new
Γö£ Γùï /gst-lookup
Γö£ Γùï /invoices
Γö£ ╞Æ /invoices/[id]
Γö£ ╞Æ /invoices/[id]/edit
Γö£ Γùï /invoices/customize
Γö£ Γùï /invoices/new
Γö£ Γùï /invoices/status
Γö£ Γùï /inward
Γö£ ╞Æ /inward/[id]/edit
Γö£ Γùï /inward/new
Γö£ Γùï /leads
Γö£ ╞Æ /leads/[id]/edit
Γö£ Γùï /leads/new
Γö£ Γùï /ledger
Γö£ ╞Æ /ledger/[id]
Γö£ Γùï /ledger/new
Γö£ Γùï /ledger/new-entry
Γö£ Γùï /login
Γö£ Γùï /master/items
Γö£ Γùï /master/price-fixing
Γö£ Γùï /master/processes
Γö£ Γùï /migration
Γö£ Γùï /outward
Γö£ ╞Æ /outward/[id]/edit
Γö£ Γùï /outward/new
Γö£ Γùï /payments/pending
Γö£ Γùï /reports
Γö£ Γùï /reports/gst
Γö£ Γùï /reports/invoice
Γö£ Γùï /reports/inward
Γö£ Γùï /reports/payment
Γö£ Γùï /reports/voucher
Γö£ Γùï /reset-password
Γö£ Γùï /sales-hub
Γö£ Γùï /sales-map
Γö£ Γùï /settings
Γö£ Γùï /signup
Γö£ Γùï /stores
Γö£ ╞Æ /stores/edit/[id]
Γö£ Γùï /stores/manage-visits
Γö£ Γùï /stores/new
Γö£ ╞Æ /stores/view/[id]
Γö£ ╞Æ /stores/visit/[id]
Γö£ Γùï /users
Γö£ ╞Æ /users/[id]
Γö£ ╞Æ /users/[id]/edit
Γö£ Γùï /users/new
Γö£ Γùï /vendors
Γö£ ╞Æ /vendors/[id]/edit
Γö£ Γùï /vendors/new
Γö£ Γùï /vouchers
Γö£ ╞Æ /vouchers/[id]/edit
Γöö Γùï /vouchers/new


╞Æ Proxy (Middleware)

Γùï  (Static)   prerendered as static content
╞Æ  (Dynamic)  server-rendered on demand

